Calculating task graph as configuration cache cannot be reused because an input to plugin 'org.gradle.groovy-gradle-plugin' has changed.

> Configure project :build-logic:plugins
WARNING: Unsupported Kotlin plugin version.
The `embedded-kotlin` and `kotlin-dsl` plugins rely on features of Kotlin `2.3.0` that might work differently than in the requested version `2.2.20`.
Using the `kotlin-dsl` plugin together with a different Kotlin version (for example, by using the Kotlin Gradle plugin (`kotlin(jvm)`)) in the same project is not recommended.

See https://docs.gradle.org/9.4.1/userguide/kotlin_dsl.html#sec:kotlin-dsl_plugin for more details on how the `kotlin-dsl` plugin works (same applies to `embedded-kotlin`).
It applies a certain version of the `org.jetbrains.kotlin.jvm` plugin and also add a dependency on the Kotlin Standard Library.

Applying other version of the `org.jetbrains.kotlin.jvm` plugin in the build and/or adding dependencies to different versions of the Kotlin Standard Library can cause incompatibilities.
See https://docs.gradle.org/9.4.1/userguide/kotlin_dsl.html#sec:kotlin

> Task :build-logic:plugins:checkKotlinGradlePluginConfigurationErrors SKIPPED
> Task :build-logic:tools:checkKotlinGradlePluginConfigurationErrors SKIPPED
> Task :build-logic:tools:compileKotlin FROM-CACHE
> Task :build-logic:tools:compileJava NO-SOURCE
> Task :build-logic:tools:processResources NO-SOURCE
> Task :build-logic:tools:classes UP-TO-DATE
> Task :build-logic:tools:jar
> Task :build-logic:plugins:generateExternalPluginSpecBuilders FROM-CACHE
> Task :build-logic:plugins:extractPluginRequests NO-SOURCE
> Task :build-logic:plugins:generatePluginAdapters NO-SOURCE
> Task :build-logic:plugins:extractPrecompiledScriptPluginPlugins FROM-CACHE
> Task :build-logic:plugins:compilePluginsBlocks FROM-CACHE
> Task :build-logic:plugins:generatePrecompiledScriptPluginAccessors FROM-CACHE
> Task :build-logic:plugins:generateScriptPluginAdapters FROM-CACHE
> Task :build-logic:plugins:compileKotlin FROM-CACHE
> Task :build-logic:plugins:compileJava NO-SOURCE
> Task :build-logic:plugins:compileGroovy NO-SOURCE
> Task :build-logic:plugins:compileGroovyPlugins NO-SOURCE
> Task :build-logic:plugins:pluginDescriptors
> Task :build-logic:plugins:processResources
> Task :build-logic:plugins:classes
> Task :build-logic:plugins:jar

> Configure project :baseline-profile
WARNING: The option setting 'android.experimental.enableScreenshotTest=true' is experimental.
The current default is 'false'.
WARNING: The option setting 'android.experimental.enableTestFixturesKotlinSupport=true' is experimental.
The current default is 'false'.
WARNING: The option setting 'android.disallowKotlinSourceSets=false' is experimental.
The current default is 'true'.

> Configure project :microbenchmark
WARNING: BuildType 'debug' is both debuggable and has 'isMinifyEnabled' set to true.
All code optimizations and obfuscation are disabled for debuggable builds.

> Task :core:models:preBuild UP-TO-DATE
> Task :core:ui:preBuild UP-TO-DATE
> Task :Signal-Android:preBuild UP-TO-DATE
> Task :lib:libsignal-service:checkKotlinGradlePluginConfigurationErrors SKIPPED
> Task :core:network:checkKotlinGradlePluginConfigurationErrors SKIPPED
> Task :lib:network:checkKotlinGradlePluginConfigurationErrors SKIPPED
> Task :core:models:preDebugBuild UP-TO-DATE
> Task :Signal-Android:prePlayProdDebugBuild UP-TO-DATE
> Task :feature:camera:preBuild UP-TO-DATE
> Task :feature:media-send:preBuild UP-TO-DATE
> Task :core:util:preBuild UP-TO-DATE
> Task :feature:media-send:preDebugBuild UP-TO-DATE
> Task :feature:camera:preDebugBuild UP-TO-DATE
> Task :feature:registration:preBuild UP-TO-DATE
> Task :core:util-jvm:checkKotlinGradlePluginConfigurationErrors SKIPPED
> Task :lib:network:processResources NO-SOURCE
> Task :core:serialization:checkKotlinGradlePluginConfigurationErrors SKIPPED
> Task :core:network:processResources NO-SOURCE
> Task :lib:archive:preBuild UP-TO-DATE
> Task :feature:registration:preDebugBuild UP-TO-DATE
> Task :lib:apng:preBuild UP-TO-DATE
> Task :core:models-jvm:checkKotlinGradlePluginConfigurationErrors SKIPPED
> Task :core:util-jvm:processResources NO-SOURCE
> Task :core:models:generateDebugResources UP-TO-DATE
> Task :Signal-Android:mergePlayProdDebugNativeDebugMetadata NO-SOURCE
> Task :lib:apng:preDebugBuild UP-TO-DATE
> Task :core:network:generateMainProtos UP-TO-DATE
> Task :lib:libsignal-service:generateMainProtos UP-TO-DATE
> Task :core:models-jvm:processResources NO-SOURCE
> Task :Signal-Android:generatePlayProdDebugResources UP-TO-DATE
> Task :feature:registration:generateDebugResources UP-TO-DATE
> Task :core:util-jvm:generateMainProtos UP-TO-DATE
> Task :lib:apng:generateDebugResources UP-TO-DATE
> Task :lib:contacts:preBuild UP-TO-DATE
> Task :lib:contacts:preDebugBuild UP-TO-DATE
> Task :lib:blurhash:preBuild UP-TO-DATE
> Task :lib:debuglogs-viewer:preBuild UP-TO-DATE
> Task :lib:blurhash:preDebugBuild UP-TO-DATE
> Task :lib:blurhash:generateDebugResources UP-TO-DATE
> Task :lib:debuglogs-viewer:preDebugBuild UP-TO-DATE
> Task :lib:contacts:generateDebugResources UP-TO-DATE
> Task :core:util:preDebugBuild UP-TO-DATE
> Task :feature:camera:generateDebugResources UP-TO-DATE
> Task :feature:media-send:generateDebugResources UP-TO-DATE
> Task :lib:device-transfer:preBuild UP-TO-DATE
> Task :lib:device-transfer:preDebugBuild UP-TO-DATE
> Task :core:util:generateDebugResources UP-TO-DATE
> Task :lib:device-transfer:generateDebugResources UP-TO-DATE
> Task :lib:blurhash:packageDebugResources UP-TO-DATE
> Task :feature:registration:packageDebugResources UP-TO-DATE
> Task :feature:camera:packageDebugResources UP-TO-DATE
> Task :lib:apng:packageDebugResources UP-TO-DATE
> Task :lib:billing:preBuild UP-TO-DATE
> Task :lib:donations:preBuild UP-TO-DATE
> Task :lib:donations:preDebugBuild UP-TO-DATE
> Task :lib:billing:preDebugBuild UP-TO-DATE
> Task :lib:glide:preBuild UP-TO-DATE
> Task :core:util:packageDebugResources UP-TO-DATE
> Task :lib:device-transfer:packageDebugResources UP-TO-DATE
> Task :lib:glide:preDebugBuild UP-TO-DATE
> Task :lib:donations:generateDebugResources UP-TO-DATE
> Task :lib:billing:generateDebugResources UP-TO-DATE
> Task :lib:glide:generateDebugResources UP-TO-DATE
> Task :lib:billing:packageDebugResources UP-TO-DATE
> Task :lib:glide:packageDebugResources UP-TO-DATE
> Task :lib:archive:preDebugBuild UP-TO-DATE
> Task :core:ui:preDebugBuild UP-TO-DATE
> Task :lib:sticky-header-grid:preBuild UP-TO-DATE
> Task :lib:qr:preBuild UP-TO-DATE
> Task :lib:video:preBuild UP-TO-DATE
> Task :lib:sticky-header-grid:preDebugBuild UP-TO-DATE
> Task :lib:qr:preDebugBuild UP-TO-DATE
> Task :core:models:processDebugNavigationResources UP-TO-DATE
> Task :core:models:packageDebugResources UP-TO-DATE
> Task :lib:qr:generateDebugResources UP-TO-DATE
> Task :lib:sticky-header-grid:generateDebugResources UP-TO-DATE
> Task :lib:paging:preBuild UP-TO-DATE
> Task :lib:paging:preDebugBuild UP-TO-DATE
> Task :Signal-Android:packagePlayProdDebugResources UP-TO-DATE
> Task :lib:paging:generateDebugResources UP-TO-DATE
> Task :lib:donations:packageDebugResources UP-TO-DATE
> Task :lib:qr:packageDebugResources UP-TO-DATE
> Task :lib:image-editor:preBuild UP-TO-DATE
> Task :core:ui:processDebugNavigationResources UP-TO-DATE
> Task :lib:image-editor:preDebugBuild UP-TO-DATE
> Task :lib:sticky-header-grid:packageDebugResources UP-TO-DATE
> Task :core:util:processDebugNavigationResources UP-TO-DATE
> Task :feature:camera:processDebugNavigationResources UP-TO-DATE
> Task :lib:paging:packageDebugResources UP-TO-DATE
> Task :lib:image-editor:generateDebugResources UP-TO-DATE
> Task :lib:apng:processDebugNavigationResources UP-TO-DATE
> Task :lib:photoview:preBuild UP-TO-DATE
> Task :feature:registration:processDebugNavigationResources UP-TO-DATE
> Task :lib:archive:processDebugNavigationResources UP-TO-DATE
> Task :lib:billing:processDebugNavigationResources UP-TO-DATE
> Task :lib:photoview:preDebugBuild UP-TO-DATE
> Task :lib:blurhash:processDebugNavigationResources UP-TO-DATE
> Task :lib:contacts:processDebugNavigationResources UP-TO-DATE
> Task :lib:libsignal-service:processResources UP-TO-DATE
> Task :lib:debuglogs-viewer:processDebugNavigationResources UP-TO-DATE
> Task :lib:donations:processDebugNavigationResources UP-TO-DATE
> Task :lib:photoview:generateDebugResources UP-TO-DATE
> Task :lib:image-editor:packageDebugResources UP-TO-DATE
> Task :lib:glide:processDebugNavigationResources UP-TO-DATE
> Task :lib:image-editor:processDebugNavigationResources UP-TO-DATE
> Task :lib:debuglogs-viewer:generateDebugResources UP-TO-DATE
> Task :lib:device-transfer:processDebugNavigationResources UP-TO-DATE
> Task :lib:qr:processDebugNavigationResources UP-TO-DATE
> Task :lib:video:preDebugBuild UP-TO-DATE
> Task :lib:photoview:processDebugNavigationResources UP-TO-DATE
> Task :feature:media-send:processDebugNavigationResources UP-TO-DATE
> Task :feature:media-send:packageDebugResources UP-TO-DATE
> Task :core:util-jvm:compileKotlin UP-TO-DATE
> Task :core:ui:generateDebugResources UP-TO-DATE
> Task :lib:archive:generateDebugResources UP-TO-DATE
> Task :lib:sticky-header-grid:processDebugNavigationResources UP-TO-DATE
> Task :lib:video:generateDebugResources UP-TO-DATE
> Task :lib:photoview:packageDebugResources UP-TO-DATE
> Task :lib:debuglogs-viewer:packageDebugResources UP-TO-DATE
> Task :lib:contacts:packageDebugResources UP-TO-DATE
> Task :lib:video:processDebugNavigationResources UP-TO-DATE
> Task :lib:paging:processDebugNavigationResources UP-TO-DATE
> Task :feature:registration:parseDebugLocalResources UP-TO-DATE
> Task :lib:apng:parseDebugLocalResources UP-TO-DATE
> Task :core:models:parseDebugLocalResources UP-TO-DATE
> Task :feature:camera:parseDebugLocalResources UP-TO-DATE
> Task :lib:billing:parseDebugLocalResources UP-TO-DATE
> Task :lib:blurhash:parseDebugLocalResources UP-TO-DATE
> Task :lib:archive:packageDebugResources UP-TO-DATE
> Task :feature:media-send:parseDebugLocalResources UP-TO-DATE
> Task :core:util:parseDebugLocalResources UP-TO-DATE
> Task :lib:debuglogs-viewer:parseDebugLocalResources UP-TO-DATE
> Task :lib:video:packageDebugResources UP-TO-DATE
> Task :lib:archive:parseDebugLocalResources UP-TO-DATE
> Task :lib:donations:parseDebugLocalResources UP-TO-DATE
> Task :feature:camera:generateDebugRFile UP-TO-DATE
> Task :lib:contacts:parseDebugLocalResources UP-TO-DATE
> Task :lib:billing:generateDebugRFile UP-TO-DATE
> Task :lib:glide:parseDebugLocalResources UP-TO-DATE
> Task :lib:debuglogs-viewer:generateDebugRFile UP-TO-DATE
> Task :core:ui:packageDebugResources UP-TO-DATE
> Task :core:models:generateDebugRFile UP-TO-DATE
> Task :feature:media-send:generateDebugRFile UP-TO-DATE
> Task :lib:apng:generateDebugRFile UP-TO-DATE
> Task :lib:device-transfer:parseDebugLocalResources UP-TO-DATE
> Task :feature:registration:generateDebugRFile UP-TO-DATE
> Task :lib:image-editor:parseDebugLocalResources UP-TO-DATE
> Task :lib:contacts:generateDebugRFile UP-TO-DATE
> Task :lib:archive:generateDebugRFile UP-TO-DATE
> Task :lib:blurhash:generateDebugRFile UP-TO-DATE
> Task :lib:glide:generateDebugRFile UP-TO-DATE
> Task :core:util-jvm:compileJava UP-TO-DATE
> Task :lib:donations:generateDebugRFile UP-TO-DATE
> Task :core:util:generateDebugRFile UP-TO-DATE
> Task :lib:image-editor:generateDebugRFile UP-TO-DATE
> Task :lib:photoview:parseDebugLocalResources UP-TO-DATE
> Task :core:util-jvm:classes UP-TO-DATE
> Task :core:ui:parseDebugLocalResources UP-TO-DATE
> Task :lib:device-transfer:generateDebugRFile UP-TO-DATE
> Task :lib:video:parseDebugLocalResources UP-TO-DATE
> Task :lib:photoview:generateDebugRFile UP-TO-DATE
> Task :lib:sticky-header-grid:parseDebugLocalResources UP-TO-DATE
> Task :core:ui:generateDebugRFile UP-TO-DATE
> Task :lib:qr:parseDebugLocalResources UP-TO-DATE
> Task :lib:paging:parseDebugLocalResources UP-TO-DATE
> Task :core:models:javaPreCompileDebug UP-TO-DATE
> Task :Signal-Android:generateSafeArgsPlayProdDebug UP-TO-DATE
> Task :lib:sticky-header-grid:generateDebugRFile UP-TO-DATE
> Task :Signal-Android:generatePlayProdDebugBuildConfig UP-TO-DATE
> Task :lib:video:generateDebugRFile UP-TO-DATE
> Task :core:util:javaPreCompileDebug UP-TO-DATE
> Task :lib:qr:generateDebugRFile UP-TO-DATE
> Task :lib:paging:generateDebugRFile UP-TO-DATE
> Task :core:util-jvm:jar UP-TO-DATE
> Task :lib:blurhash:javaPreCompileDebug UP-TO-DATE
> Task :lib:glide:javaPreCompileDebug UP-TO-DATE
> Task :feature:camera:javaPreCompileDebug UP-TO-DATE
> Task :lib:image-editor:javaPreCompileDebug UP-TO-DATE
> Task :core:serialization:processResources NO-SOURCE
> Task :lib:video:javaPreCompileDebug UP-TO-DATE
> Task :feature:media-send:javaPreCompileDebug UP-TO-DATE
> Task :core:models-jvm:compileKotlin UP-TO-DATE
> Task :feature:registration:generateDebugBuildConfig UP-TO-DATE
> Task :feature:registration:generateDebugProtos UP-TO-DATE
> Task :core:models-jvm:compileJava NO-SOURCE
> Task :core:models:compileDebugKotlin UP-TO-DATE
> Task :core:serialization:compileKotlin UP-TO-DATE
> Task :core:network:compileKotlin UP-TO-DATE
> Task :core:models-jvm:classes UP-TO-DATE
> Task :lib:archive:javaPreCompileDebug UP-TO-DATE
> Task :core:ui:javaPreCompileDebug UP-TO-DATE
> Task :feature:registration:javaPreCompileDebug UP-TO-DATE
> Task :lib:archive:generateDebugProtos UP-TO-DATE
> Task :lib:device-transfer:javaPreCompileDebug UP-TO-DATE
> Task :lib:billing:javaPreCompileDebug UP-TO-DATE
> Task :core:util:generateDebugProtos UP-TO-DATE
> Task :lib:contacts:javaPreCompileDebug UP-TO-DATE
> Task :core:models-jvm:jar UP-TO-DATE
> Task :core:network:compileJava UP-TO-DATE
> Task :core:serialization:compileJava NO-SOURCE
> Task :core:network:classes UP-TO-DATE
> Task :Signal-Android:generatePlayProdDebugProtos UP-TO-DATE
> Task :core:models:compileDebugJavaWithJavac NO-SOURCE
> Task :core:serialization:classes UP-TO-DATE
> Task :lib:apng:javaPreCompileDebug UP-TO-DATE
> Task :lib:debuglogs-viewer:generateDebugBuildConfig UP-TO-DATE
> Task :lib:debuglogs-viewer:javaPreCompileDebug UP-TO-DATE
> Task :lib:donations:javaPreCompileDebug UP-TO-DATE
> Task :Signal-Android:generatePlayProdDebugAssets UP-TO-DATE
> Task :core:models:bundleLibCompileToJarDebug UP-TO-DATE
> Task :core:network:jar UP-TO-DATE
> Task :Signal-Android:javaPreCompilePlayProdDebug UP-TO-DATE
> Task :lib:qr:javaPreCompileDebug UP-TO-DATE
> Task :lib:sticky-header-grid:javaPreCompileDebug UP-TO-DATE
> Task :core:models:generateDebugAssets UP-TO-DATE
> Task :lib:photoview:javaPreCompileDebug UP-TO-DATE
> Task :core:ui:generateDebugAssets UP-TO-DATE
> Task :core:serialization:jar UP-TO-DATE
> Task :core:util:generateDebugAssets UP-TO-DATE
> Task :feature:camera:generateDebugAssets UP-TO-DATE
> Task :lib:paging:javaPreCompileDebug UP-TO-DATE
> Task :feature:media-send:generateDebugAssets UP-TO-DATE
> Task :feature:registration:generateDebugAssets UP-TO-DATE
> Task :lib:donations:generateDebugBuildConfig UP-TO-DATE
> Task :feature:media-send:mergeDebugAssets UP-TO-DATE
> Task :core:util:mergeDebugAssets UP-TO-DATE
> Task :lib:apng:generateDebugAssets UP-TO-DATE
> Task :feature:camera:mergeDebugAssets UP-TO-DATE
> Task :lib:archive:generateDebugAssets UP-TO-DATE
> Task :core:ui:mergeDebugAssets UP-TO-DATE
> Task :lib:billing:generateDebugAssets UP-TO-DATE
> Task :lib:blurhash:generateDebugAssets UP-TO-DATE
> Task :feature:registration:mergeDebugAssets UP-TO-DATE
> Task :lib:contacts:generateDebugAssets UP-TO-DATE
> Task :lib:debuglogs-viewer:generateDebugAssets UP-TO-DATE
> Task :lib:donations:generateDebugAssets UP-TO-DATE
> Task :core:models:mergeDebugAssets UP-TO-DATE
> Task :lib:glide:generateDebugAssets UP-TO-DATE
> Task :lib:image-editor:generateDebugAssets UP-TO-DATE
> Task :lib:paging:generateDebugAssets UP-TO-DATE
> Task :lib:apng:mergeDebugAssets UP-TO-DATE
> Task :lib:archive:mergeDebugAssets UP-TO-DATE
> Task :lib:billing:mergeDebugAssets UP-TO-DATE
> Task :lib:blurhash:mergeDebugAssets UP-TO-DATE
> Task :lib:photoview:generateDebugAssets UP-TO-DATE
> Task :lib:qr:generateDebugAssets UP-TO-DATE
> Task :lib:sticky-header-grid:generateDebugAssets UP-TO-DATE
> Task :lib:donations:mergeDebugAssets UP-TO-DATE
> Task :lib:video:generateDebugAssets UP-TO-DATE
> Task :lib:device-transfer:generateDebugAssets UP-TO-DATE
> Task :lib:debuglogs-viewer:mergeDebugAssets UP-TO-DATE
> Task :lib:image-editor:mergeDebugAssets UP-TO-DATE
> Task :lib:photoview:compileDebugKotlin NO-SOURCE
> Task :lib:sticky-header-grid:compileDebugKotlin NO-SOURCE
> Task :lib:paging:mergeDebugAssets UP-TO-DATE
> Task :lib:glide:mergeDebugAssets UP-TO-DATE
> Task :lib:sticky-header-grid:mergeDebugAssets UP-TO-DATE
> Task :lib:qr:mergeDebugAssets UP-TO-DATE
> Task :lib:video:mergeDebugAssets UP-TO-DATE
> Task :lib:device-transfer:mergeDebugAssets UP-TO-DATE
> Task :Signal-Android:generatePlayProdDebugGlobalSynthetics UP-TO-DATE
> Task :lib:contacts:mergeDebugAssets UP-TO-DATE
> Task :lib:photoview:mergeDebugAssets UP-TO-DATE
> Task :core:models:bundleLibRuntimeToJarDebug UP-TO-DATE
> Task :Signal-Android:l8DexDesugarLibPlayProdDebug UP-TO-DATE
> Task :core:models:processDebugJavaRes UP-TO-DATE
> Task :lib:sticky-header-grid:processDebugJavaRes NO-SOURCE
> Task :lib:photoview:processDebugJavaRes NO-SOURCE
> Task :core:ui:writeDebugAarMetadata UP-TO-DATE
> Task :feature:camera:writeDebugAarMetadata UP-TO-DATE
> Task :core:models:writeDebugAarMetadata UP-TO-DATE
> Task :core:util:writeDebugAarMetadata UP-TO-DATE
> Task :feature:registration:writeDebugAarMetadata UP-TO-DATE
> Task :feature:media-send:writeDebugAarMetadata UP-TO-DATE
> Task :lib:apng:writeDebugAarMetadata UP-TO-DATE
> Task :lib:archive:writeDebugAarMetadata UP-TO-DATE
> Task :lib:sticky-header-grid:compileDebugJavaWithJavac UP-TO-DATE
> Task :lib:blurhash:writeDebugAarMetadata UP-TO-DATE
> Task :lib:contacts:writeDebugAarMetadata UP-TO-DATE
> Task :lib:billing:writeDebugAarMetadata UP-TO-DATE
> Task :lib:debuglogs-viewer:writeDebugAarMetadata UP-TO-DATE
> Task :lib:device-transfer:writeDebugAarMetadata UP-TO-DATE
> Task :lib:donations:writeDebugAarMetadata UP-TO-DATE
> Task :lib:glide:writeDebugAarMetadata UP-TO-DATE
> Task :Signal-Android:processPlayProdDebugNavigationResources UP-TO-DATE
> Task :Signal-Android:dataBindingMergeDependencyArtifactsPlayProdDebug UP-TO-DATE
> Task :lib:sticky-header-grid:bundleLibCompileToJarDebug UP-TO-DATE
> Task :lib:sticky-header-grid:bundleLibRuntimeToJarDebug UP-TO-DATE
> Task :lib:qr:writeDebugAarMetadata UP-TO-DATE
> Task :lib:image-editor:writeDebugAarMetadata UP-TO-DATE
> Task :lib:sticky-header-grid:writeDebugAarMetadata UP-TO-DATE
> Task :lib:video:writeDebugAarMetadata UP-TO-DATE
> Task :lib:photoview:writeDebugAarMetadata UP-TO-DATE
> Task :lib:paging:writeDebugAarMetadata UP-TO-DATE
> Task :Signal-Android:mapPlayProdDebugSourceSetPaths UP-TO-DATE
> Task :lib:photoview:compileDebugJavaWithJavac UP-TO-DATE
> Task :lib:blurhash:compileDebugKotlin UP-TO-DATE
> Task :core:models:extractDeepLinksDebug UP-TO-DATE
> Task :Signal-Android:parsePlayProdDebugLocalResources UP-TO-DATE
> Task :Signal-Android:extractDeepLinksPlayProdDebug UP-TO-DATE
> Task :core:ui:extractDeepLinksDebug UP-TO-DATE
> Task :Signal-Android:compilePlayProdDebugNavigationResources UP-TO-DATE
> Task :core:util:extractDeepLinksDebug UP-TO-DATE
> Task :Signal-Android:mergePlayProdDebugResources UP-TO-DATE
> Task :core:models:processDebugManifest UP-TO-DATE
> Task :core:ui:processDebugManifest UP-TO-DATE
> Task :feature:camera:extractDeepLinksDebug UP-TO-DATE
> Task :Signal-Android:generatePlayProdDebugRFile UP-TO-DATE
> Task :feature:media-send:extractDeepLinksDebug UP-TO-DATE
> Task :feature:camera:processDebugManifest UP-TO-DATE
> Task :feature:registration:extractDeepLinksDebug UP-TO-DATE
> Task :feature:media-send:processDebugManifest UP-TO-DATE
> Task :feature:registration:processDebugManifest UP-TO-DATE
> Task :lib:apng:extractDeepLinksDebug UP-TO-DATE
> Task :lib:archive:extractDeepLinksDebug UP-TO-DATE
> Task :lib:blurhash:extractDeepLinksDebug UP-TO-DATE
> Task :lib:billing:extractDeepLinksDebug UP-TO-DATE
> Task :lib:apng:processDebugManifest UP-TO-DATE
> Task :lib:archive:processDebugManifest UP-TO-DATE
> Task :lib:contacts:extractDeepLinksDebug UP-TO-DATE
> Task :lib:blurhash:processDebugManifest UP-TO-DATE
> Task :lib:debuglogs-viewer:extractDeepLinksDebug UP-TO-DATE
> Task :lib:device-transfer:extractDeepLinksDebug UP-TO-DATE
> Task :lib:debuglogs-viewer:processDebugManifest UP-TO-DATE
> Task :lib:donations:extractDeepLinksDebug UP-TO-DATE
> Task :lib:glide:extractDeepLinksDebug UP-TO-DATE
> Task :Signal-Android:createPlayProdDebugCompatibleScreenManifests UP-TO-DATE
> Task :lib:image-editor:extractDeepLinksDebug UP-TO-DATE
> Task :Signal-Android:mergePlayProdDebugAssets UP-TO-DATE
> Task :lib:photoview:bundleLibCompileToJarDebug UP-TO-DATE
> Task :lib:photoview:bundleLibRuntimeToJarDebug UP-TO-DATE
> Task :lib:contacts:processDebugManifest UP-TO-DATE
> Task :Signal-Android:checkPlayProdDebugDuplicateClasses UP-TO-DATE
> Task :lib:paging:extractDeepLinksDebug UP-TO-DATE
> Task :Signal-Android:compressPlayProdDebugAssets UP-TO-DATE
> Task :lib:photoview:extractDeepLinksDebug UP-TO-DATE
> Task :lib:blurhash:processDebugJavaRes UP-TO-DATE
> Task :lib:libsignal-service:compileKotlin UP-TO-DATE
> Task :lib:device-transfer:processDebugManifest UP-TO-DATE
> Task :lib:donations:processDebugManifest UP-TO-DATE
> Task :lib:glide:processDebugManifest UP-TO-DATE
> Task :lib:billing:processDebugManifest UP-TO-DATE
> Task :lib:blurhash:compileDebugJavaWithJavac UP-TO-DATE
> Task :lib:qr:extractDeepLinksDebug UP-TO-DATE
> Task :core:util:processDebugManifest UP-TO-DATE
> Task :lib:image-editor:processDebugManifest UP-TO-DATE
> Task :lib:sticky-header-grid:extractDeepLinksDebug UP-TO-DATE
> Task :lib:video:extractDeepLinksDebug UP-TO-DATE
> Task :core:util:mapDebugSourceSetPaths UP-TO-DATE
> Task :core:ui:mapDebugSourceSetPaths UP-TO-DATE
> Task :lib:paging:processDebugManifest UP-TO-DATE
> Task :lib:blurhash:bundleLibCompileToJarDebug UP-TO-DATE
> Task :lib:blurhash:bundleLibRuntimeToJarDebug UP-TO-DATE
> Task :core:models:mapDebugSourceSetPaths UP-TO-DATE
> Task :feature:camera:mapDebugSourceSetPaths UP-TO-DATE
> Task :lib:photoview:processDebugManifest UP-TO-DATE
> Task :feature:media-send:mapDebugSourceSetPaths UP-TO-DATE
> Task :feature:registration:mapDebugSourceSetPaths UP-TO-DATE
> Task :lib:apng:mapDebugSourceSetPaths UP-TO-DATE
> Task :lib:archive:mapDebugSourceSetPaths UP-TO-DATE
> Task :core:ui:compileDebugLibraryResources UP-TO-DATE
> Task :lib:billing:mapDebugSourceSetPaths UP-TO-DATE
> Task :core:util:compileDebugLibraryResources UP-TO-DATE
> Task :lib:sticky-header-grid:processDebugManifest UP-TO-DATE
> Task :lib:video:processDebugManifest UP-TO-DATE
> Task :lib:qr:processDebugManifest UP-TO-DATE
> Task :feature:camera:compileDebugLibraryResources UP-TO-DATE
> Task :core:models:compileDebugLibraryResources UP-TO-DATE
> Task :lib:blurhash:mapDebugSourceSetPaths UP-TO-DATE
> Task :feature:media-send:compileDebugLibraryResources UP-TO-DATE
> Task :feature:registration:compileDebugLibraryResources UP-TO-DATE
> Task :lib:archive:compileDebugLibraryResources UP-TO-DATE
> Task :lib:apng:compileDebugLibraryResources UP-TO-DATE
> Task :lib:billing:compileDebugLibraryResources UP-TO-DATE
> Task :lib:device-transfer:mapDebugSourceSetPaths UP-TO-DATE
> Task :lib:debuglogs-viewer:mapDebugSourceSetPaths UP-TO-DATE
> Task :lib:donations:mapDebugSourceSetPaths UP-TO-DATE
> Task :lib:contacts:mapDebugSourceSetPaths UP-TO-DATE
> Task :lib:glide:mapDebugSourceSetPaths UP-TO-DATE
> Task :lib:image-editor:mapDebugSourceSetPaths UP-TO-DATE
> Task :lib:paging:mapDebugSourceSetPaths UP-TO-DATE
> Task :lib:photoview:mapDebugSourceSetPaths UP-TO-DATE
> Task :lib:blurhash:compileDebugLibraryResources UP-TO-DATE
> Task :lib:sticky-header-grid:mapDebugSourceSetPaths UP-TO-DATE
> Task :lib:qr:mapDebugSourceSetPaths UP-TO-DATE
> Task :lib:video:mapDebugSourceSetPaths UP-TO-DATE
> Task :lib:device-transfer:compileDebugLibraryResources UP-TO-DATE
> Task :lib:debuglogs-viewer:compileDebugLibraryResources UP-TO-DATE
> Task :Signal-Android:mergePlayProdDebugJniLibFolders UP-TO-DATE
> Task :lib:glide:compileDebugLibraryResources UP-TO-DATE
> Task :lib:contacts:compileDebugLibraryResources UP-TO-DATE
> Task :lib:image-editor:compileDebugLibraryResources UP-TO-DATE
> Task :lib:paging:compileDebugLibraryResources UP-TO-DATE
> Task :lib:donations:compileDebugLibraryResources UP-TO-DATE
> Task :lib:photoview:compileDebugLibraryResources UP-TO-DATE
> Task :core:models:mergeDebugJniLibFolders UP-TO-DATE
> Task :Signal-Android:desugarPlayProdDebugFileDependencies UP-TO-DATE
> Task :core:util:mergeDebugJniLibFolders UP-TO-DATE
> Task :core:ui:mergeDebugJniLibFolders UP-TO-DATE
> Task :lib:sticky-header-grid:compileDebugLibraryResources UP-TO-DATE
> Task :lib:video:compileDebugLibraryResources UP-TO-DATE
> Task :core:util:compileDebugKotlin UP-TO-DATE
> Task :feature:media-send:mergeDebugJniLibFolders UP-TO-DATE
> Task :feature:camera:mergeDebugJniLibFolders UP-TO-DATE
> Task :core:util:mergeDebugNativeLibs UP-TO-DATE
> Task :lib:qr:compileDebugLibraryResources UP-TO-DATE
> Task :lib:archive:mergeDebugJniLibFolders UP-TO-DATE
> Task :core:util:copyDebugJniLibsProjectOnly UP-TO-DATE
> Task :lib:billing:mergeDebugJniLibFolders UP-TO-DATE
> Task :feature:media-send:mergeDebugNativeLibs NO-SOURCE
> Task :lib:blurhash:mergeDebugJniLibFolders UP-TO-DATE
> Task :core:util:processDebugJavaRes UP-TO-DATE
> Task :feature:media-send:copyDebugJniLibsProjectOnly UP-TO-DATE
> Task :lib:archive:mergeDebugNativeLibs NO-SOURCE
> Task :lib:billing:mergeDebugNativeLibs NO-SOURCE
> Task :lib:archive:copyDebugJniLibsProjectOnly UP-TO-DATE
> Task :lib:contacts:mergeDebugJniLibFolders UP-TO-DATE
> Task :lib:blurhash:mergeDebugNativeLibs NO-SOURCE
> Task :lib:billing:copyDebugJniLibsProjectOnly UP-TO-DATE
> Task :lib:blurhash:copyDebugJniLibsProjectOnly UP-TO-DATE
> Task :lib:contacts:mergeDebugNativeLibs NO-SOURCE
> Task :lib:debuglogs-viewer:mergeDebugJniLibFolders UP-TO-DATE
> Task :lib:device-transfer:mergeDebugJniLibFolders UP-TO-DATE
> Task :lib:contacts:copyDebugJniLibsProjectOnly UP-TO-DATE
> Task :lib:donations:mergeDebugJniLibFolders UP-TO-DATE
> Task :lib:debuglogs-viewer:mergeDebugNativeLibs NO-SOURCE
> Task :lib:glide:mergeDebugJniLibFolders UP-TO-DATE
> Task :lib:device-transfer:mergeDebugNativeLibs NO-SOURCE
> Task :lib:debuglogs-viewer:copyDebugJniLibsProjectOnly UP-TO-DATE
> Task :lib:glide:mergeDebugNativeLibs NO-SOURCE
> Task :lib:device-transfer:copyDebugJniLibsProjectOnly UP-TO-DATE
> Task :lib:glide:copyDebugJniLibsProjectOnly UP-TO-DATE
> Task :lib:image-editor:mergeDebugJniLibFolders UP-TO-DATE
> Task :lib:paging:mergeDebugJniLibFolders UP-TO-DATE
> Task :lib:photoview:mergeDebugJniLibFolders UP-TO-DATE
> Task :lib:image-editor:mergeDebugNativeLibs NO-SOURCE
> Task :lib:paging:mergeDebugNativeLibs NO-SOURCE
> Task :lib:image-editor:copyDebugJniLibsProjectOnly UP-TO-DATE
> Task :lib:photoview:mergeDebugNativeLibs NO-SOURCE
> Task :lib:photoview:copyDebugJniLibsProjectOnly UP-TO-DATE
> Task :lib:donations:mergeDebugNativeLibs NO-SOURCE
> Task :core:models:mergeDebugNativeLibs NO-SOURCE
> Task :lib:qr:mergeDebugJniLibFolders UP-TO-DATE
> Task :lib:paging:copyDebugJniLibsProjectOnly UP-TO-DATE
> Task :lib:apng:mergeDebugJniLibFolders UP-TO-DATE
> Task :lib:sticky-header-grid:mergeDebugJniLibFolders UP-TO-DATE
> Task :lib:video:mergeDebugJniLibFolders UP-TO-DATE
> Task :core:ui:mergeDebugNativeLibs NO-SOURCE
> Task :core:models:copyDebugJniLibsProjectOnly UP-TO-DATE
> Task :Signal-Android:writePlayProdDebugSigningConfigVersions UP-TO-DATE
> Task :feature:registration:mergeDebugJniLibFolders UP-TO-DATE
> Task :lib:donations:copyDebugJniLibsProjectOnly UP-TO-DATE
> Task :Signal-Android:validateSigningPlayProdDebug UP-TO-DATE
> Task :Signal-Android:writePlayProdDebugAppMetadata UP-TO-DATE
> Task :core:ui:copyDebugJniLibsProjectOnly UP-TO-DATE
> Task :lib:libsignal-service:compileJava UP-TO-DATE
> Task :core:util:compileDebugJavaWithJavac UP-TO-DATE
> Task :lib:libsignal-service:classes UP-TO-DATE
> Task :core:util:bundleLibRuntimeToJarDebug UP-TO-DATE
> Task :core:util:bundleLibCompileToJarDebug UP-TO-DATE
> Task :lib:libsignal-service:jar UP-TO-DATE
> Task :feature:camera:mergeDebugNativeLibs NO-SOURCE
> Task :lib:sticky-header-grid:mergeDebugNativeLibs NO-SOURCE
> Task :lib:apng:mergeDebugNativeLibs NO-SOURCE
> Task :lib:qr:mergeDebugNativeLibs NO-SOURCE
> Task :lib:video:mergeDebugNativeLibs NO-SOURCE
> Task :feature:camera:copyDebugJniLibsProjectOnly UP-TO-DATE
> Task :lib:apng:copyDebugJniLibsProjectOnly UP-TO-DATE
> Task :lib:sticky-header-grid:copyDebugJniLibsProjectOnly UP-TO-DATE
> Task :lib:qr:copyDebugJniLibsProjectOnly UP-TO-DATE
> Task :lib:video:copyDebugJniLibsProjectOnly UP-TO-DATE
> Task :lib:glide:kspDebugKotlin UP-TO-DATE
> Task :feature:registration:mergeDebugNativeLibs NO-SOURCE
> Task :lib:apng:compileDebugKotlin UP-TO-DATE
> Task :lib:contacts:compileDebugKotlin UP-TO-DATE
> Task :feature:registration:copyDebugJniLibsProjectOnly UP-TO-DATE
> Task :lib:paging:compileDebugKotlin UP-TO-DATE
> Task :lib:billing:compileDebugKotlin UP-TO-DATE
> Task :lib:apng:processDebugJavaRes UP-TO-DATE
> Task :lib:contacts:processDebugJavaRes UP-TO-DATE
> Task :lib:paging:processDebugJavaRes UP-TO-DATE
> Task :lib:apng:compileDebugJavaWithJavac NO-SOURCE
> Task :lib:billing:compileDebugJavaWithJavac NO-SOURCE
> Task :lib:apng:bundleLibRuntimeToJarDebug UP-TO-DATE
> Task :lib:apng:bundleLibCompileToJarDebug UP-TO-DATE
> Task :lib:billing:processDebugJavaRes UP-TO-DATE
> Task :lib:billing:bundleLibCompileToJarDebug UP-TO-DATE
> Task :lib:billing:bundleLibRuntimeToJarDebug UP-TO-DATE
> Task :lib:contacts:compileDebugJavaWithJavac NO-SOURCE
> Task :lib:device-transfer:compileDebugKotlin NO-SOURCE
> Task :lib:device-transfer:processDebugJavaRes NO-SOURCE
> Task :lib:archive:compileDebugKotlin UP-TO-DATE
> Task :lib:contacts:bundleLibRuntimeToJarDebug UP-TO-DATE
> Task :lib:contacts:bundleLibCompileToJarDebug UP-TO-DATE
> Task :lib:paging:compileDebugJavaWithJavac UP-TO-DATE
> Task :lib:archive:compileDebugJavaWithJavac NO-SOURCE
> Task :lib:paging:bundleLibCompileToJarDebug UP-TO-DATE
> Task :lib:paging:bundleLibRuntimeToJarDebug UP-TO-DATE
> Task :lib:archive:bundleLibCompileToJarDebug UP-TO-DATE
> Task :lib:archive:bundleLibRuntimeToJarDebug UP-TO-DATE
> Task :lib:device-transfer:compileDebugJavaWithJavac UP-TO-DATE
> Task :lib:network:compileKotlin UP-TO-DATE
> Task :Signal-Android:checkPlayProdDebugAarMetadata UP-TO-DATE
> Task :lib:archive:processDebugJavaRes UP-TO-DATE
> Task :lib:device-transfer:bundleLibCompileToJarDebug UP-TO-DATE
> Task :lib:device-transfer:bundleLibRuntimeToJarDebug UP-TO-DATE
> Task :lib:debuglogs-viewer:compileDebugKotlin UP-TO-DATE
> Task :lib:network:compileJava NO-SOURCE
> Task :lib:network:classes UP-TO-DATE
> Task :core:ui:compileDebugKotlin UP-TO-DATE
> Task :lib:debuglogs-viewer:processDebugJavaRes UP-TO-DATE
> Task :lib:qr:compileDebugKotlin UP-TO-DATE
> Task :lib:network:jar UP-TO-DATE
> Task :lib:qr:processDebugJavaRes UP-TO-DATE
> Task :core:ui:processDebugJavaRes UP-TO-DATE
> Task :lib:debuglogs-viewer:compileDebugJavaWithJavac UP-TO-DATE
> Task :lib:debuglogs-viewer:bundleLibCompileToJarDebug UP-TO-DATE
> Task :lib:debuglogs-viewer:bundleLibRuntimeToJarDebug UP-TO-DATE
> Task :lib:qr:compileDebugJavaWithJavac UP-TO-DATE
> Task :lib:qr:bundleLibCompileToJarDebug UP-TO-DATE
> Task :lib:video:compileDebugKotlin UP-TO-DATE
> Task :lib:qr:bundleLibRuntimeToJarDebug UP-TO-DATE
> Task :lib:glide:compileDebugKotlin UP-TO-DATE
> Task :core:ui:compileDebugJavaWithJavac UP-TO-DATE
> Task :lib:video:processDebugJavaRes UP-TO-DATE
> Task :core:ui:bundleLibRuntimeToJarDebug UP-TO-DATE
> Task :core:ui:bundleLibCompileToJarDebug UP-TO-DATE
> Task :lib:glide:processDebugJavaRes UP-TO-DATE
> Task :lib:glide:compileDebugJavaWithJavac UP-TO-DATE
> Task :lib:glide:bundleLibCompileToJarDebug UP-TO-DATE
> Task :lib:glide:bundleLibRuntimeToJarDebug UP-TO-DATE
> Task :lib:video:compileDebugJavaWithJavac UP-TO-DATE
> Task :lib:video:bundleLibCompileToJarDebug UP-TO-DATE
> Task :lib:video:bundleLibRuntimeToJarDebug UP-TO-DATE
> Task :Signal-Android:dataBindingGenBaseClassesPlayProdDebug UP-TO-DATE
> Task :lib:donations:compileDebugKotlin UP-TO-DATE
> Task :Signal-Android:processPlayProdDebugMainManifest UP-TO-DATE
> Task :Signal-Android:processPlayProdDebugManifest UP-TO-DATE
> Task :lib:donations:processDebugJavaRes UP-TO-DATE
> Task :Signal-Android:processPlayProdDebugManifestForPackage UP-TO-DATE
> Task :lib:donations:compileDebugJavaWithJavac UP-TO-DATE
> Task :lib:donations:bundleLibCompileToJarDebug UP-TO-DATE
> Task :lib:donations:bundleLibRuntimeToJarDebug UP-TO-DATE
> Task :feature:camera:compileDebugKotlin UP-TO-DATE
> Task :feature:camera:processDebugJavaRes UP-TO-DATE
> Task :feature:camera:compileDebugJavaWithJavac NO-SOURCE
> Task :feature:camera:bundleLibRuntimeToJarDebug UP-TO-DATE
> Task :feature:camera:bundleLibCompileToJarDebug UP-TO-DATE
> Task :lib:image-editor:compileDebugKotlin UP-TO-DATE
> Task :Signal-Android:mergePlayProdDebugNativeLibs UP-TO-DATE
> Task :Signal-Android:stripPlayProdDebugDebugSymbols UP-TO-DATE
> Task :lib:image-editor:processDebugJavaRes UP-TO-DATE
> Task :lib:image-editor:compileDebugJavaWithJavac UP-TO-DATE
> Task :lib:image-editor:bundleLibCompileToJarDebug UP-TO-DATE
> Task :lib:image-editor:bundleLibRuntimeToJarDebug UP-TO-DATE
> Task :feature:registration:compileDebugKotlin UP-TO-DATE
> Task :feature:registration:processDebugJavaRes UP-TO-DATE
> Task :feature:registration:compileDebugJavaWithJavac UP-TO-DATE
> Task :feature:registration:bundleLibRuntimeToJarDebug UP-TO-DATE
> Task :feature:registration:bundleLibCompileToJarDebug UP-TO-DATE
> Task :Signal-Android:mergeExtDexPlayProdDebug UP-TO-DATE
> Task :feature:media-send:compileDebugKotlin UP-TO-DATE
> Task :feature:media-send:processDebugJavaRes UP-TO-DATE
> Task :feature:media-send:compileDebugJavaWithJavac UP-TO-DATE
> Task :feature:media-send:bundleLibCompileToJarDebug UP-TO-DATE
> Task :feature:media-send:bundleLibRuntimeToJarDebug UP-TO-DATE
> Task :Signal-Android:mergeLibDexPlayProdDebug UP-TO-DATE
> Task :Signal-Android:processPlayProdDebugResources UP-TO-DATE
> Task :Signal-Android:compilePlayProdDebugKotlin UP-TO-DATE
> Task :Signal-Android:processPlayProdDebugJavaRes UP-TO-DATE
> Task :Signal-Android:mergePlayProdDebugJavaResource UP-TO-DATE
> Task :Signal-Android:compilePlayProdDebugJavaWithJavac UP-TO-DATE
> Task :Signal-Android:dexBuilderPlayProdDebug UP-TO-DATE
> Task :Signal-Android:mergeProjectDexPlayProdDebug UP-TO-DATE
> Task :Signal-Android:packagePlayProdDebug UP-TO-DATE
> Task :Signal-Android:renameApkPlayProdDebug UP-TO-DATE
> Task :Signal-Android:assemblePlayProdDebug UP-TO-DATE
> Task :Signal-Android:createPlayProdDebugApkListingFileRedirect UP-TO-DATE

[Incubating] Problems report is available at: file:///home/mrshah/Desktop/Project%20Messenger/Project-Parewa-Android/build/reports/problems/problems-report.html

Deprecated Gradle features were used in this build, making it incompatible with Gradle 10.

You can use '--warning-mode all' to show the individual deprecation warnings and determine if they come from your own scripts or plugins.

For more on this, please refer to https://docs.gradle.org/9.4.1/userguide/command_line_interface.html#sec:command_line_warnings in the Gradle documentation.

BUILD SUCCESSFUL in 2s
469 actionable tasks: 4 executed, 7 from cache, 458 up-to-date
Configuration cache entry stored.
